error: your template code is too deeply nested, or the last expression is too complex
 --> <source attribute>:15:58
       "%}{%if 1%}{%if 1%}{%if 1%}\n    {%if 1%}{%if 1%}{%if 1%}{%if 1%}{%if 1%}{%if 1%}{"...
   --> tests/ui/excessive_nesting.rs:5:14
    |
  5 |       source = "
    |  ______________^
  6 | |     {%if 1%}{%if 1%}{%if 1%}{%if 1%}{%if 1%}{%if 1%}{%if 1%}{%if 1%}{%if 1%}{%if 1%}
  7 | |     {%if 1%}{%if 1%}{%if 1%}{%if 1%}{%if 1%}{%if 1%}{%if 1%}{%if 1%}{%if 1%}{%if 1%}
  8 | |     {%if 1%}{%if 1%}{%if 1%}{%if 1%}{%if 1%}{%if 1%}{%if 1%}{%if 1%}{%if 1%}{%if 1%}
...   |
114 | |     {%if 1%}{%if 1%}{%if 1%}{%if 1%}{%if 1%}{%if 1%}{%if 1%}{%if 1%}{%if 1%}{%if 1%} 1000
115 | |     ",
    | |_____^
