error: unsupported use of named arguments
 --> NamedArgsInRustExprMemberFn.html:1:11
       "arg = 5) }}"
  --> tests/ui/expr_fn_calls.rs:10:21
   |
10 | #[template(source = "{{ test_fn(arg = 5) }}", ext = "html")]
   |                     ^^^^^^^^^^^^^^^^^^^^^^^^

error: unsupported use of named arguments
 --> NamedArgsInRustExprStaticCall.html:1:19
       "arg = \"test\") }}"
  --> tests/ui/expr_fn_calls.rs:21:21
   |
21 | #[template(source = r#"{{ self::static_fn(arg = "test") }}"#, ext = "html")]
   |                     ^^^^^^^^^^^^^^^^^^^^^^^^^^^^^^^^^^^^^^^^

error: unsupported use of named arguments
 --> NamedArgsInRustExprStaticCall2.html:1:35
       "arg = \"test\") }}"
  --> tests/ui/expr_fn_calls.rs:26:21
   |
26 | #[template(source = r#"{{ self::static_fn2("test").unwrap(arg = "test") }}"#, ext = "html")]
   |                     ^^^^^^^^^^^^^^^^^^^^^^^^^^^^^^^^^^^^^^^^^^^^^^^^^^^^^^^^

error: unsupported use of named arguments
 --> NamedArgsInRustExprStaticCall3.html:1:30
       "arg = \"test\") %}"
  --> tests/ui/expr_fn_calls.rs:31:21
   |
31 | #[template(source = r#"{% let test = self::static_fn(arg = "test") %}"#, ext = "html")]
   |                     ^^^^^^^^^^^^^^^^^^^^^^^^^^^^^^^^^^^^^^^^^^^^^^^^^^^
