error: too many references (> 20)
 --> <source attribute>:1:6
       "&&&&&&&&&&&&&&&&&&&&&&&&&&&&&&&&&&&&&&&&e>()}}"
 --> tests/ui/references.rs:4:21
  |
4 | #[template(source = "{{J::<&&&&&&&&&&&&&&&&&&&&&&&&&&&&&&&&&&&&&&&&e>()}}", ext = "html")]
  |                     ^^^^^^^^^^^^^^^^^^^^^^^^^^^^^^^^^^^^^^^^^^^^^^^^^^^^^^
